\BOOKMARK [1][-]{section.1}{\376\377\000S\000c\000o\000p\000e\000\040\000a\000n\000d\000\040\000E\000x\000e\000c\000u\000t\000i\000v\000e\000\040\000S\000u\000m\000m\000a\000r\000y}{}% 1
\BOOKMARK [1][-]{section.2}{\376\377\000R\000o\000b\000o\000t\000\040\000M\000o\000d\000e\000l\000,\000\040\000S\000t\000a\000t\000e\000,\000\040\000a\000n\000d\000\040\000I\000n\000p\000u\000t}{}% 2
\BOOKMARK [2][-]{subsection.2.1}{\376\377\000D\000e\000g\000r\000e\000e\000s\000\040\000o\000f\000\040\000F\000r\000e\000e\000d\000o\000m}{section.2}% 3
\BOOKMARK [2][-]{subsection.2.2}{\376\377\000O\000b\000s\000e\000r\000v\000a\000t\000i\000o\000n\000\040\000S\000t\000a\000t\000e}{section.2}% 4
\BOOKMARK [2][-]{subsection.2.3}{\376\377\000C\000o\000n\000t\000r\000o\000l\000\040\000I\000n\000p\000u\000t\000\040\000a\000n\000d\000\040\000A\000c\000t\000u\000a\000t\000o\000r\000\040\000M\000o\000d\000e\000l}{section.2}% 5
\BOOKMARK [1][-]{section.3}{\376\377\000P\000r\000e\000d\000i\000c\000t\000i\000o\000n\000\040\000D\000y\000n\000a\000m\000i\000c\000s\000\040\000a\000n\000d\000\040\000C\000o\000n\000t\000a\000c\000t}{}% 6
\BOOKMARK [2][-]{subsection.3.1}{\376\377\000D\000i\000s\000c\000r\000e\000t\000e\000\040\000M\000u\000J\000o\000C\000o\000\040\000D\000y\000n\000a\000m\000i\000c\000s}{section.3}% 7
\BOOKMARK [2][-]{subsection.3.2}{\376\377\000C\000o\000n\000s\000i\000s\000t\000e\000n\000c\000y\000\040\000B\000e\000t\000w\000e\000e\000n\000\040\000P\000r\000e\000d\000i\000c\000t\000i\000o\000n\000\040\000a\000n\000d\000\040\000S\000i\000m\000u\000l\000a\000t\000i\000o\000n}{section.3}% 8
\BOOKMARK [2][-]{subsection.3.3}{\376\377\000I\000m\000p\000l\000i\000c\000i\000t\000\040\000C\000o\000n\000t\000a\000c\000t\000\040\000S\000c\000h\000e\000d\000u\000l\000i\000n\000g}{section.3}% 9
\BOOKMARK [1][-]{section.4}{\376\377\000F\000i\000n\000i\000t\000e\000-\000H\000o\000r\000i\000z\000o\000n\000\040\000S\000t\000o\000c\000h\000a\000s\000t\000i\000c\000\040\000O\000p\000t\000i\000m\000a\000l\000\040\000C\000o\000n\000t\000r\000o\000l\000\040\000P\000r\000o\000b\000l\000e\000m}{}% 10
\BOOKMARK [1][-]{section.5}{\376\377\000N\000o\000m\000i\000n\000a\000l\000\040\000T\000r\000a\000j\000e\000c\000t\000o\000r\000y\000\040\000C\000o\000n\000s\000t\000r\000u\000c\000t\000i\000o\000n}{}% 11
\BOOKMARK [2][-]{subsection.5.1}{\376\377\000L\000e\000g\000\040\000G\000a\000i\000t\000\040\000R\000e\000f\000e\000r\000e\000n\000c\000e}{section.5}% 12
\BOOKMARK [2][-]{subsection.5.2}{\376\377\000A\000r\000m\000\040\000I\000K\000\040\000R\000e\000f\000e\000r\000e\000n\000c\000e}{section.5}% 13
\BOOKMARK [2][-]{subsection.5.3}{\376\377\000W\000h\000o\000l\000e\000-\000B\000o\000d\000y\000\040\000J\000o\000i\000n\000t\000\040\000R\000e\000f\000e\000r\000e\000n\000c\000e\000\040\000a\000n\000d\000\040\000R\000e\000s\000i\000d\000u\000a\000l\000\040\000W\000a\000r\000m\000\040\000S\000t\000a\000r\000t}{section.5}% 14
\BOOKMARK [1][-]{section.6}{\376\377\000S\000a\000m\000p\000l\000i\000n\000g\000\040\000a\000n\000d\000\040\000M\000P\000P\000I\000\040\000U\000p\000d\000a\000t\000e}{}% 15
\BOOKMARK [2][-]{subsection.6.1}{\376\377\000C\000u\000b\000i\000c\000\040\000N\000o\000i\000s\000e\000\040\000S\000a\000m\000p\000l\000i\000n\000g}{section.6}% 16
\BOOKMARK [2][-]{subsection.6.2}{\376\377\000C\000o\000s\000t\000\040\000N\000o\000r\000m\000a\000l\000i\000z\000a\000t\000i\000o\000n\000\040\000a\000n\000d\000\040\000W\000e\000i\000g\000h\000t\000s}{section.6}% 17
\BOOKMARK [1][-]{section.7}{\376\377\000C\000o\000s\000t\000\040\000F\000u\000n\000c\000t\000i\000o\000n}{}% 18
\BOOKMARK [2][-]{subsection.7.1}{\376\377\000S\000t\000a\000t\000e\000\040\000R\000e\000f\000e\000r\000e\000n\000c\000e}{section.7}% 19
\BOOKMARK [2][-]{subsection.7.2}{\376\377\000B\000o\000d\000y\000\040\000a\000n\000d\000\040\000J\000o\000i\000n\000t\000\040\000S\000t\000a\000t\000e\000\040\000C\000o\000s\000t}{section.7}% 20
\BOOKMARK [2][-]{subsection.7.3}{\376\377\000V\000i\000r\000t\000u\000a\000l\000\040\000P\000D\000\040\000E\000f\000f\000o\000r\000t\000\040\000C\000o\000s\000t}{section.7}% 21
\BOOKMARK [2][-]{subsection.7.4}{\376\377\000E\000n\000d\000-\000E\000f\000f\000e\000c\000t\000o\000r\000\040\000P\000o\000s\000e\000\040\000C\000o\000s\000t}{section.7}% 22
\BOOKMARK [2][-]{subsection.7.5}{\376\377\000A\000r\000m\040\023\000T\000o\000r\000s\000o\000\040\000C\000o\000l\000l\000i\000s\000i\000o\000n\000\040\000M\000o\000d\000e\000l}{section.7}% 23
\BOOKMARK [2][-]{subsection.7.6}{\376\377\000T\000o\000t\000a\000l\000\040\000S\000t\000a\000g\000e\000\040\000a\000n\000d\000\040\000R\000o\000l\000l\000o\000u\000t\000\040\000C\000o\000s\000t}{section.7}% 24
\BOOKMARK [1][-]{section.8}{\376\377\000E\000n\000d\000-\000E\000f\000f\000e\000c\000t\000o\000r\000\040\000W\000a\000y\000p\000o\000i\000n\000t\000s\000\040\000a\000n\000d\000\040\000T\000a\000s\000k\000\040\000P\000r\000o\000g\000r\000e\000s\000s\000i\000o\000n}{}% 25
\BOOKMARK [1][-]{section.9}{\376\377\000C\000o\000m\000p\000l\000e\000t\000e\000\040\000R\000e\000c\000e\000d\000i\000n\000g\000-\000H\000o\000r\000i\000z\000o\000n\000\040\000A\000l\000g\000o\000r\000i\000t\000h\000m}{}% 26
\BOOKMARK [1][-]{section.10}{\376\377\000D\000e\000f\000a\000u\000l\000t\000\040\000C\000o\000n\000f\000i\000g\000u\000r\000a\000t\000i\000o\000n\000\040\000S\000u\000m\000m\000a\000r\000y}{}% 27
\BOOKMARK [1][-]{section.11}{\376\377\000C\000o\000m\000p\000a\000r\000i\000s\000o\000n\000\040\000w\000i\000t\000h\000\040\000O\000C\000S\0002\000\040\000L\000e\000g\000g\000e\000d\000\040\000M\000P\000C}{}% 28
\BOOKMARK [1][-]{section.12}{\376\377\000I\000m\000p\000l\000e\000m\000e\000n\000t\000a\000t\000i\000o\000n\000\040\000C\000a\000v\000e\000a\000t\000s\000\040\000a\000n\000d\000\040\000L\000i\000m\000i\000t\000a\000t\000i\000o\000n\000s}{}% 29
\BOOKMARK [1][-]{section.13}{\376\377\000R\000e\000c\000o\000m\000m\000e\000n\000d\000e\000d\000\040\000V\000a\000l\000i\000d\000a\000t\000i\000o\000n}{}% 30
\BOOKMARK [1][-]{section.14}{\376\377\000P\000i\000p\000e\000l\000i\000n\000e\000\040\000S\000u\000m\000m\000a\000r\000y}{}% 31
